// Jest Snapshot v1, https://goo.gl/fbAQLP

exports[`mapping 1`] = `[]`;
